// Jest Snapshot v1, https://goo.gl/fbAQLP

exports[`renders correctly 1`] = `
<div>
  <header>
    <div
      class="logo"
    >
      <img
        alt="Qarson"
        src="logo.png"
      />
    </div>
    <div
      class="icon"
    >
      <svg
        aria-hidden="true"
        class="MuiSvgIcon-root MuiSvgIcon-fontSizeLarge css-tzssek-MuiSvgIcon-root"
        data-testid="ShoppingCartSharpIcon"
        focusable="false"
        viewBox="0 0 24 24"
      >
        <path
          d="M17 18c-1.1 0-1.99.9-1.99 2s.89 2 1.99 2 2-.9 2-2-.9-2-2-2zM7 18c-1.1 0-1.99.9-1.99 2S5.9 22 7 22s2-.9 2-2-.9-2-2-2zm0-3 1.1-2h7.45c.75 0 1.41-.41 1.75-1.03L21.7 4H5.21l-.94-2H1v2h2l3.6 7.59L3.62 17H19v-2H7z"
        />
      </svg>
    </div>
  </header>
</div>
`;
