// Jest Snapshot v1, https://goo.gl/fbAQLP

exports[`renders correctly 1`] = `
<div>
  <main>
    <div
      class="main-container"
    >
      Sample
    </div>
  </main>
</div>
`;
